export	_main
_main:
!BCC_EOS
push	bp
mov	bp,sp
dec	sp
dec	sp
xor	ax,ax
mov	-2[bp],ax
!BCC_EOS
.3:
jmp .1
!BCC_EOS
.2:
jmp	.3
.4:
.1:
.7:
mov	ax,-2[bp]
cmp	ax,*5
jne 	.8
.9:
jmp .5
!BCC_EOS
.8:
mov	ax,-2[bp]
inc	ax
mov	-2[bp],ax
!BCC_EOS
jmp .6
!BCC_EOS
.6:
jmp	.7
.A:
.5:
!BCC_EOS
!BCC_EOS
.D:
mov	ax,-2[bp]
cmp	ax,*$A
jne 	.E
.F:
jmp .B
!BCC_EOS
.E:
mov	ax,-2[bp]
inc	ax
mov	-2[bp],ax
!BCC_EOS
jmp .C
!BCC_EOS
.C:
jmp	.D
.B:
.12:
mov	ax,-2[bp]
cmp	ax,*$F
jne 	.13
.14:
jmp .10
!BCC_EOS
.13:
mov	ax,-2[bp]
inc	ax
mov	-2[bp],ax
!BCC_EOS
jmp .11
!BCC_EOS
.11:
jmp	.12
.15:
!BCC_EOS
.10:
mov	ax,-2[bp]
add	ax,*-$F
mov	sp,bp
pop	bp
ret
!BCC_EOS
.data
.bss

! 0 errors detected
