export	_main
_main:
!BCC_EOS
push	bp
mov	bp,sp
dec	sp
dec	sp
mov	ax,*4
mov	-2[bp],ax
!BCC_EOS
mov	ax,-2[bp]
test	ax,ax
jne 	.3
.4:
mov	al,*1
jmp	.5
.3:
xor	al,al
.5:
test	al,al
je  	.1
.2:
mov	ax,*1
mov	sp,bp
pop	bp
ret
!BCC_EOS
.1:
mov	ax,-2[bp]
test	ax,ax
je  	.8
.9:
mov	al,*1
jmp	.A
.8:
xor	al,al
.A:
cmp	al,*1
je  	.6
.7:
mov	ax,*1
mov	sp,bp
pop	bp
ret
!BCC_EOS
.6:
xor	ax,ax
sub	ax,-2[bp]
cmp	ax,*-4
je  	.B
.C:
mov	ax,*1
mov	sp,bp
pop	bp
ret
!BCC_EOS
.B:
xor	ax,ax
mov	sp,bp
pop	bp
ret
!BCC_EOS
.data
.bss

! 0 errors detected
