!BCC_EOS
export	_main
_main:
!BCC_EOS
push	bp
mov	bp,sp
dec	sp
dec	sp
jmp .1
.2:
mov	ax,*1
mov	sp,bp
pop	bp
ret
!BCC_EOS
.1:
jmp .3
.4:
mov	ax,*2
mov	sp,bp
pop	bp
ret
!BCC_EOS
.3:
jmp .5
.6:
mov	ax,*3
mov	sp,bp
pop	bp
ret
!BCC_EOS
.5:
xor	ax,ax
mov	-2[bp],ax
!BCC_EOS
mov	ax,-2[bp]
mov	sp,bp
pop	bp
ret
!BCC_EOS
.data
.bss

! 0 errors detected
